// Jest Snapshot v1, https://goo.gl/fbAQLP

exports[`ArchitectureIconGroup render with default icons 1`] = `
Array [
  <span
    className="f7 pa1 ma1 sc-bdVaJa kJZcve"
  >
    amd64
  </span>,
  <span
    className="f7 pa1 ma1 sc-bdVaJa kJZcve"
  >
    arm
  </span>,
  <span
    className="f7 pa1 ma1 sc-bdVaJa kJZcve"
  >
    arm64
  </span>,
]
`;

exports[`ArchitectureIconGroup render with no icons 1`] = `null`;
