// Jest Snapshot v1, https://goo.gl/fbAQLP

exports[`Render Header component. 1`] = `
<div
  className="sc-bdVaJa items-center justify-center ph2 pv1 pv3-ns sc-bwzfXH cvWZpY"
>
  <a
    aria-current="page"
    className="no-underline"
    href="/"
    onClick={[Function]}
    onMouseEnter={[Function]}
    style={Object {}}
  >
    <div
      className="f1-ns f2 fw3 tracked-tight sc-bdVaJa sYLYI"
      color="primary"
      fontFamily="mono"
    >
      multiar.ch
    </div>
  </a>
</div>
`;
