// Jest Snapshot v1, https://goo.gl/fbAQLP

exports[`Render Header component. 1`] = `
<div
  className="sc-bdVaJa justify-center items-center center w-100 pa2 sc-bwzfXH cvWZpY"
>
  <a
    aria-current="page"
    className="fw3 no-underline tracked-tight"
    href="/"
    onClick={[Function]}
    onMouseEnter={[Function]}
    style={Object {}}
  >
    <div
      className="ma0 mt2 f1 sc-bdVaJa sYLYI"
      color="primary"
      fontFamily="mono"
    >
      multiar.ch
    </div>
  </a>
</div>
`;
