// Jest Snapshot v1, https://goo.gl/fbAQLP

exports[`TotalPulls component. Render TotalPulls component. 1`] = `
<div
  className="flex justify-center items-center sc-bdVaJa gtVQmG"
>
  Total pulls:
  <div
    className="pl1 b sc-bdVaJa gtVQmG"
    style={
      Object {
        "color": "rgba(0, 0, 0, 0.75)",
      }
    }
  >
    1724122
  </div>
</div>
`;
